No devices found
No devices found
No devices found
No devices found




