cat: /snap/checkbox/1849/parts_meta_info: No such file or directory
cat: '/snap/checkbox20/975'$'\n''/snap/checkbox/1849/checkbox-runtime'$'\n''/snap/checkbox/1849/providers/checkbox-provider-gpgpu'$'\n''/snap/checkbox/1849/providers/plainbox-provider-certification-client'$'\n''/snap/checkbox/1849/providers/plainbox-provider-certification-server'$'\n''/snap/checkbox/1849/providers/plainbox-provider-checkbox'$'\n''/snap/checkbox/1849/providers/plainbox-provider-docker'$'\n''/snap/checkbox/1849/providers/plainbox-provider-ipdt'$'\n''/snap/checkbox/1849/providers/plainbox-provider-resource'$'\n''/snap/checkbox/1849/providers/plainbox-provider-sru'$'\n''/snap/checkbox/1849/providers/plainbox-provider-tpm2/parts_meta_info': No such file or directory
