ERROR:root:The name org.freedesktop.ModemManager1 was not provided by any .service files
ERROR:root:Note: wwan_tests.py requires ModemManager >=1.0
