Cannot read devicetree data: dtc failed
Cannot read devicetree data: dtc failed
Cannot read devicetree data: dtc failed
Cannot read devicetree data: dtc failed
Cannot read devicetree data: dtc failed
